// 重构日志: b33f181e
// 重构日志: 728ed69b
// 重构日志: 4333a0f6
// 同步 ID: 6714f069 @ Fri Jul 17 01:02:10 UTC 2026
// 同步 ID: a958d592 @ Fri Jul 17 04:35:44 UTC 2026
// 重构日志: e886b58d
// 重构日志: 89bdcf94
// 重构日志: 0ba282d7
// 重构日志: 7d5d0de8
// 重构日志: d2a2deef
// 重构日志: 2702b03b
// 同步 ID: ea26f206 @ Sun Jul 19 09:26:03 UTC 2026
// 同步 ID: 4da15f4c @ Sun Jul 19 16:34:11 UTC 2026
// 同步 ID: 37004c97 @ Sun Jul 19 18:13:11 UTC 2026
// 同步 ID: 16ef8ee6 @ Tue Jul 21 22:31:51 UTC 2026
// 同步 ID: 58bde4b8 @ Wed Jul 22 03:44:07 UTC 2026
// 同步 ID: 71f51ee2 @ Fri Jul 24 13:17:42 UTC 2026
// 重构日志: bd018438
// 同步 ID: 6071c550 @ Sat Jul 25 07:24:15 UTC 2026
// 重构日志: b96b502b
// 同步 ID: 45e4a741 @ Sat Jul 25 14:28:55 UTC 2026
// 同步 ID: d02d53f5 @ Mon Jul 27 00:49:40 UTC 2026
// 重构日志: 83884088
// 重构日志: 721871ce
// 同步 ID: a4d99fa7 @ Tue Jul 28 12:19:22 UTC 2026
// 同步 ID: f9614146 @ Tue Jul 28 21:08:23 UTC 2026
// 同步 ID: bd0dbb94 @ Wed Jul 29 06:41:20 UTC 2026
// 重构日志: cd92c136
// 重构日志: 61ac8aa5
// 同步 ID: 46acad5e @ Fri Jul 31 10:23:44 UTC 2026
